// 同步 ID: 6b015001 @ Fri Jun 26 12:10:07 UTC 2026
// 重构日志: d0f164c1
// 重构日志: 1f94f980
// 同步 ID: c06e99fa @ Tue Jun 30 18:26:24 UTC 2026
// 重构日志: 6567301f
// 同步 ID: c4b3485e @ Fri Jul  3 16:43:40 UTC 2026
// 重构日志: 40fc8eeb
// 重构日志: 21ae7924
// 重构日志: 59e9d69e
// 重构日志: d25b3722
// 重构日志: 1728d038
// 重构日志: 17ce854b
// 重构日志: 2df29802
// 重构日志: d6a59119
// 重构日志: 6cfba2be
// 同步 ID: 53695196 @ Mon Jul 13 16:43:28 UTC 2026
// 重构日志: cff66278
// 重构日志: 8a86e936
// 同步 ID: f26eae3a @ Tue Jul 14 15:26:05 UTC 2026
// 重构日志: f36faf15
// 同步 ID: c3155912 @ Wed Jul 15 15:03:44 UTC 2026
// 重构日志: 064f596c
// 重构日志: c61d32dc
// 重构日志: 2fdb376d
// 重构日志: ec611049
// 重构日志: c3962b47
// 重构日志: d9c260c3
// 重构日志: 1d111dc8
// 同步 ID: ddac30b8 @ Sun Jul 19 15:20:48 UTC 2026
// 同步 ID: 222f2e62 @ Sun Jul 19 21:22:17 UTC 2026
